// Jest Snapshot v1, https://goo.gl/fbAQLP

exports[`QuestionItem Component renders empty given no QuestionItem without errors 1`] = `<Fragment />`;

exports[`QuestionItem Component renders given QuestionItem without errors 1`] = `
<Fragment>
  <div
    className="Question_box"
  >
    <div
      className="User"
    >
      <h3>
        <Link
          replace={false}
          to="/user/1"
        >
          John Jones
        </Link>
      </h3>
    </div>
    <div
      className="Question_item"
    >
      <h3>
        Another discussion
      </h3>
      <div
        className="Content"
      >
        <p>
          At vero eos et accusamus et iusto odio dignissimos ducimus qui blanditiis praesentium voluptatum deleniti atque corrupti quos dolores et quas molestias excepturi sint occaecati cupiditate non provident.
        </p>
      </div>
      <div
        className="Question_info"
      >
        <div
          className="Tags"
        >
          <span
            className="tag"
            key="react"
          >
            react
             
          </span>
        </div>
        <div
          className="date_number"
        >
          <p
            className="Posted_date"
          >
            <t
              ago={false}
              calendar={false}
              decimal={false}
              element="time"
              filter={[Function]}
              fromNow={true}
              interval={60000}
              onChange={[Function]}
              titleFormat=""
              toNow={false}
              unit={null}
              unix={false}
              utc={false}
              withTitle={false}
            >
              2019-03-27T20:27:19.481Z
            </t>
          </p>
             
          <p
            className="Answer_number"
          >
            4
             respond(s)
          </p>
        </div>
      </div>
    </div>
  </div>
</Fragment>
`;
